\set ECHO none
                centroid                
----------------------------------------
 (3.04366980631979 , 0.858938068921891)
(1 row)

NOTICE:  array empty
 centroid 
----------
 
(1 row)


