-- indexed operations.....
SET enable_indexscan=off;
select count(sp) from spoint_data where sp @ '<(0d,90d),1.0d>'::scircle;
 count 
-------
   361
(1 row)

select count(sp) from spoint_data where '<(0d,90d),1.0d>'::scircle ~ sp;
 count 
-------
   361
(1 row)

select count(sp) from spoint_data where sp @ '<(0d,90d),1.1d>'::scircle;
 count 
-------
   361
(1 row)

select count(sp) from spoint_data where '<(0d,90d),1.1d>'::scircle ~ sp;
 count 
-------
   361
(1 row)

select count(sp) from spoint_data where sp @ '<(0d,-90d),1.0d>'::scircle;
 count 
-------
   361
(1 row)

select count(sp) from spoint_data where '<(0d,-90d),1.0d>'::scircle ~ sp;
 count 
-------
   361
(1 row)

select count(sp) from spoint_data where sp @ '<(0d,-90d),1.1d>'::scircle;
 count 
-------
   361
(1 row)

select count(sp) from spoint_data where '<(0d,-90d),1.1d>'::scircle ~ sp;
 count 
-------
   361
(1 row)

select count(sp) from spoint_data where sp @ '<(0d,0d),2.1d>'::scircle;
 count 
-------
    13
(1 row)

select count(sp) from spoint_data where '<(0d,0d),2.1d>'::scircle ~ sp;
 count 
-------
    13
(1 row)

select count(sc) from scircle_data where sc && '<(0d,90d),1.0d>';
 count 
-------
   361
(1 row)

select count(sc) from scircle_data where sc @ '<(0d,90d),1.0d>';
 count 
-------
     1
(1 row)

select count(sc) from scircle_data where '<(0d,90d),1.0d>' ~ sc;
 count 
-------
     1
(1 row)

select count(sc) from scircle_data where sc && '<(0d,90d),1.1d>';
 count 
-------
   361
(1 row)

select count(sc) from scircle_data where sc @ '<(0d,90d),1.1d>';
 count 
-------
   361
(1 row)

select count(sc) from scircle_data where '<(0d,90d),1.1d>' ~ sc;
 count 
-------
   361
(1 row)

select count(sc) from scircle_data where sc && '<(0d,-90d),1.0d>';
 count 
-------
   361
(1 row)

select count(sc) from scircle_data where sc @ '<(0d,-90d),1.0d>';
 count 
-------
     1
(1 row)

select count(sc) from scircle_data where '<(0d,-90d),1.0d>' ~ sc;
 count 
-------
     1
(1 row)

select count(sc) from scircle_data where sc && '<(0d,-90d),1.1d>';
 count 
-------
   361
(1 row)

select count(sc) from scircle_data where sc @ '<(0d,-90d),1.1d>';
 count 
-------
   361
(1 row)

select count(sc) from scircle_data where '<(0d,-90d),1.1d>' ~ sc;
 count 
-------
   361
(1 row)

select count(sc) from scircle_data where sc && '<(0d,0d),2.1d>'::scircle;
 count 
-------
    13
(1 row)

select count(sc) from scircle_data where sc @ '<(0d,0d),2.1d>'::scircle;
 count 
-------
    13
(1 row)

select count(sc) from scircle_data where '<(0d,0d),2.1d>'::scircle ~ sc;
 count 
-------
    13
(1 row)

SET enable_indexscan=on;
select count(sp) from spoint_data where sp @ '<(0d,90d),1.0d>'::scircle;
 count 
-------
   361
(1 row)

select count(sp) from spoint_data where '<(0d,90d),1.0d>'::scircle ~ sp;
 count 
-------
   361
(1 row)

select count(sp) from spoint_data where sp @ '<(0d,90d),1.1d>'::scircle;
 count 
-------
   361
(1 row)

select count(sp) from spoint_data where '<(0d,90d),1.1d>'::scircle ~ sp;
 count 
-------
   361
(1 row)

select count(sp) from spoint_data where sp @ '<(0d,-90d),1.0d>'::scircle;
 count 
-------
   361
(1 row)

select count(sp) from spoint_data where '<(0d,-90d),1.0d>'::scircle ~ sp;
 count 
-------
   361
(1 row)

select count(sp) from spoint_data where sp @ '<(0d,-90d),1.1d>'::scircle;
 count 
-------
   361
(1 row)

select count(sp) from spoint_data where '<(0d,-90d),1.1d>'::scircle ~ sp;
 count 
-------
   361
(1 row)

select count(sp) from spoint_data where sp @ '<(0d,0d),2.1d>'::scircle;
 count 
-------
    13
(1 row)

select count(sp) from spoint_data where '<(0d,0d),2.1d>'::scircle ~ sp;
 count 
-------
    13
(1 row)

select count(sc) from scircle_data where sc && '<(0d,90d),1.0d>';
 count 
-------
   361
(1 row)

select count(sc) from scircle_data where sc @ '<(0d,90d),1.0d>';
 count 
-------
     1
(1 row)

select count(sc) from scircle_data where '<(0d,90d),1.0d>' ~ sc;
 count 
-------
     1
(1 row)

select count(sc) from scircle_data where sc && '<(0d,90d),1.1d>';
 count 
-------
   361
(1 row)

select count(sc) from scircle_data where sc @ '<(0d,90d),1.1d>';
 count 
-------
   361
(1 row)

select count(sc) from scircle_data where '<(0d,90d),1.1d>' ~ sc;
 count 
-------
   361
(1 row)

select count(sc) from scircle_data where sc && '<(0d,-90d),1.0d>';
 count 
-------
   361
(1 row)

select count(sc) from scircle_data where sc @ '<(0d,-90d),1.0d>';
 count 
-------
     1
(1 row)

select count(sc) from scircle_data where '<(0d,-90d),1.0d>' ~ sc;
 count 
-------
     1
(1 row)

select count(sc) from scircle_data where sc && '<(0d,-90d),1.1d>';
 count 
-------
   361
(1 row)

select count(sc) from scircle_data where sc @ '<(0d,-90d),1.1d>';
 count 
-------
   361
(1 row)

select count(sc) from scircle_data where '<(0d,-90d),1.1d>' ~ sc;
 count 
-------
   361
(1 row)

select count(sc) from scircle_data where sc && '<(0d,0d),2.1d>'::scircle;
 count 
-------
    13
(1 row)

select count(sc) from scircle_data where sc @ '<(0d,0d),2.1d>'::scircle;
 count 
-------
    13
(1 row)

select count(sc) from scircle_data where '<(0d,0d),2.1d>'::scircle ~ sc;
 count 
-------
    13
(1 row)

-- "Cross-correlation" about 30 seconds on PIII-750
select count(spoint_data.sp) from spoint_data,scircle_data where spoint_data.sp @ scircle_data.sc;
 count 
-------
 78842
(1 row)

