\set ECHO none
 set_sphere_output_precision 
-----------------------------
 SET 8
(1 row)

-- ellipse tests
--equal operator
SELECT sellipse '<{0d,0d},(170d,-12d),0d>' = sellipse '<{0d,0d},(170d,-12d),0d>'; 
 ?column? 
----------
 t
(1 row)

SELECT sellipse '<{0d,0d},(170d,-12d),0d>' = sellipse '<{0d,0d},(170d,-12d),-2d>';
 ?column? 
----------
 t
(1 row)

SELECT sellipse '<{5d,5d},(170d,-12d),0d>' = sellipse '<{5d,5d},(170d,-12d),-2d>';
 ?column? 
----------
 t
(1 row)

SELECT sellipse '<{5d,2d},(170d,-12d),0d>' = sellipse '<{5d,2d},(170d,-12d),-2d>';
 ?column? 
----------
 f
(1 row)

-- not equal
SELECT sellipse '<{5d,2d},(170d,-12d),0d>' != sellipse '<{5d,2d},(170d,-12d),-2d>';
 ?column? 
----------
 t
(1 row)

SELECT sellipse '<{5d,2d},(170d,-12d),0d>' != sellipse '<{5d,2d},(170d,-12d), 0d>';   
 ?column? 
----------
 f
(1 row)

SELECT sellipse '<{10d, 5d},(300d,0d),  0d>' = sellipse '<{10d,5d},(300d,0d), 180d>' ;
 ?column? 
----------
 t
(1 row)

SELECT sellipse '<{10d, 5d},(300d,0d), 90d>' = sellipse '<{10d,5d},(300d,0d), 270d>' ;
 ?column? 
----------
 t
(1 row)

-- ellipse and point
SELECT spoint '(280d,-20d)'   @  sellipse '<{10d,5d},(280d,-20d),90d>';
 ?column? 
----------
 t
(1 row)

SELECT spoint '(280d,-10d)'   @  sellipse '<{10d,5d},(280d,-20d),90d>';
 ?column? 
----------
 t
(1 row)

SELECT spoint '(280d,-9.9d)'  @  sellipse '<{10d,5d},(280d,-20d),90d>';
 ?column? 
----------
 f
(1 row)

SELECT sellipse '<{10d,5d},(280d,-20d),90d>' ~ spoint '(280d,-10d)' ;
 ?column? 
----------
 t
(1 row)

SELECT sellipse '<{10d,5d},(280d,-20d),90d>' ~ spoint '(280d, -9d)' ;   
 ?column? 
----------
 f
(1 row)

SELECT spoint '(280d,-10d)'   !@  sellipse '<{10d,5d},(280d,-20d),90d>';
 ?column? 
----------
 f
(1 row)

SELECT spoint '(280d,-9.9d)'  !@  sellipse '<{10d,5d},(280d,-20d),90d>';
 ?column? 
----------
 t
(1 row)

SELECT sellipse '<{10d,5d},(280d,-20d),90d>' !~ spoint '(280d,-10d)' ;
 ?column? 
----------
 f
(1 row)

SELECT sellipse '<{10d,5d},(280d,-20d),90d>' !~ spoint '(280d, -9d)' ;
 ?column? 
----------
 t
(1 row)

SELECT spoint '(0d, 90d)' @ sellipse '<{10d,5d},(0d,0d),0d>' ;
 ?column? 
----------
 f
(1 row)

SELECT spoint '(0d, -90d)' @ sellipse '<{10d,5d},(0d,0d),0d>' ;
 ?column? 
----------
 f
(1 row)

SELECT spoint '(0d, 0d)' @ sellipse '<{10d,5d},(0d,0d),0d>' ;
 ?column? 
----------
 t
(1 row)

SELECT spoint '(90d, 0d)' @ sellipse '<{10d,5d},(0d,0d),0d>' ;
 ?column? 
----------
 f
(1 row)

SELECT spoint '(180d, 0d)' @ sellipse '<{10d,5d},(0d,0d),0d>' ;
 ?column? 
----------
 f
(1 row)

SELECT spoint '(270d, 0d)' @ sellipse '<{10d,5d},(0d,0d),0d>' ;
 ?column? 
----------
 f
(1 row)

SELECT spoint '(9d, 0d)' @ sellipse '<{10d,5d},(0d,0d),0d>' ;
 ?column? 
----------
 t
(1 row)

SELECT spoint '(0d, 9d)' @ sellipse '<{10d,5d},(0d,0d),0d>' ;
 ?column? 
----------
 f
(1 row)

SELECT spoint '(0d, 4d)' @ sellipse '<{10d,5d},(0d,0d),0d>' ;
 ?column? 
----------
 t
(1 row)

--
--ellipse and circle (@,&&)
--
-- negators and commutators
SELECT scircle '<(280d,-10d),0d>'   @  sellipse '<{10d,5d},(280d,-20d),90d>';
 ?column? 
----------
 t
(1 row)

SELECT scircle '<(280d, -9d),0d>'   @  sellipse '<{10d,5d},(280d,-20d),90d>';
 ?column? 
----------
 f
(1 row)

SELECT scircle '<(280d,-10d),0d>'   !@  sellipse '<{10d,5d},(280d,-20d),90d>';
 ?column? 
----------
 f
(1 row)

SELECT scircle '<(280d, -9d),0d>'   !@  sellipse '<{10d,5d},(280d,-20d),90d>';
 ?column? 
----------
 t
(1 row)

SELECT sellipse '<{10d,5d},(280d,-20d),90d>'  ~ scircle '<(280d,-10d),0d>';   
 ?column? 
----------
 t
(1 row)

SELECT sellipse '<{10d,5d},(280d,-20d),90d>'  ~ scircle '<(280d, -9d),0d>';   
 ?column? 
----------
 f
(1 row)

SELECT sellipse '<{10d,5d},(280d,-20d),90d>' !~ scircle '<(280d,-10d),0d>';   
 ?column? 
----------
 f
(1 row)

SELECT sellipse '<{10d,5d},(280d,-20d),90d>' !~ scircle '<(280d, -9d),0d>';   
 ?column? 
----------
 t
(1 row)

SELECT scircle '<(280d,-10d),2d>'   &&  sellipse '<{10d,5d},(280d,-20d),90d>';
 ?column? 
----------
 t
(1 row)

SELECT scircle '<(280d,  0d),2d>'   &&  sellipse '<{10d,5d},(280d,-20d),90d>';
 ?column? 
----------
 f
(1 row)

SELECT scircle '<(280d,-10d),2d>'  !&&  sellipse '<{10d,5d},(280d,-20d),90d>';
 ?column? 
----------
 f
(1 row)

SELECT scircle '<(280d,  0d),2d>'  !&&  sellipse '<{10d,5d},(280d,-20d),90d>';
 ?column? 
----------
 t
(1 row)

SELECT sellipse '<{10d,5d},(280d,-20d),90d>'  && scircle '<(280d,-10d),2d>' ; 
 ?column? 
----------
 t
(1 row)

SELECT sellipse '<{10d,5d},(280d,-20d),90d>'  && scircle '<(280d,  0d),2d>' ; 
 ?column? 
----------
 f
(1 row)

SELECT sellipse '<{10d,5d},(280d,-20d),90d>' !&& scircle '<(280d,-10d),2d>' ; 
 ?column? 
----------
 f
(1 row)

SELECT sellipse '<{10d,5d},(280d,-20d),90d>' !&& scircle '<(280d,  0d),2d>' ; 
 ?column? 
----------
 t
(1 row)

SELECT scircle '<(280d,-10d),0d>'   &&  sellipse '<{10d,5d},(280d,-20d),90d>';
 ?column? 
----------
 t
(1 row)

 
-- ellipse is circle
SELECT scircle '<(280d,-10d),2d>'   @  sellipse '<{5d,5d},(280d,-20d),90d>';
 ?column? 
----------
 f
(1 row)

SELECT scircle '<(280d,-18d),2d>'   @  sellipse '<{5d,5d},(280d,-20d),90d>';
 ?column? 
----------
 t
(1 row)

SELECT scircle '<(280d,-16d),2d>'   @  sellipse '<{5d,5d},(280d,-20d),90d>';
 ?column? 
----------
 f
(1 row)

SELECT scircle '<(280d,-18d),15d>'  @  sellipse '<{5d,5d},(280d,-20d),90d>';
 ?column? 
----------
 f
(1 row)

SELECT sellipse '<{5d,5d},(280d,-20d),90d>' @  scircle '<(280d,-10d),2d>'  ;
 ?column? 
----------
 f
(1 row)

SELECT sellipse '<{5d,5d},(280d,-20d),90d>' @  scircle '<(280d,-18d),2d>'  ;
 ?column? 
----------
 f
(1 row)

SELECT sellipse '<{5d,5d},(280d,-20d),90d>' @  scircle '<(280d,-16d),2d>'  ;
 ?column? 
----------
 f
(1 row)

SELECT sellipse '<{5d,5d},(280d,-20d),90d>' @  scircle '<(280d,-18d),15d>' ;
 ?column? 
----------
 t
(1 row)

SELECT scircle '<(280d,-10d),2d>'  &&  sellipse '<{5d,5d},(280d,-20d),90d>';
 ?column? 
----------
 f
(1 row)

SELECT scircle '<(280d,-18d),2d>'  &&  sellipse '<{5d,5d},(280d,-20d),90d>';
 ?column? 
----------
 t
(1 row)

SELECT scircle '<(280d,-16d),2d>'  &&  sellipse '<{5d,5d},(280d,-20d),90d>';
 ?column? 
----------
 t
(1 row)

-- ellipse is line
SELECT scircle '<(280d,-10d),0d>'   @  sellipse '<{5d,0d},(280d,-20d),90d>';
 ?column? 
----------
 f
(1 row)

SELECT scircle '<(280d,-18d),0d>'   @  sellipse '<{5d,0d},(280d,-20d),90d>';
 ?column? 
----------
 t
(1 row)

SELECT scircle '<(280d,-16d),0d>'   @  sellipse '<{5d,0d},(280d,-20d),90d>';
 ?column? 
----------
 t
(1 row)

SELECT scircle '<(280d,-18d),15d>'  @  sellipse '<{5d,0d},(280d,-20d),90d>';
 ?column? 
----------
 f
(1 row)

SELECT scircle '<(280d,-10d),0d>'  &&  sellipse '<{5d,0d},(280d,-20d),90d>';
 ?column? 
----------
 f
(1 row)

SELECT scircle '<(280d,-18d),0d>'  &&  sellipse '<{5d,0d},(280d,-20d),90d>';
 ?column? 
----------
 t
(1 row)

SELECT scircle '<(280d,-10d),2d>'   @  sellipse '<{5d,0d},(280d,-20d),90d>';
 ?column? 
----------
 f
(1 row)

SELECT scircle '<(280d,-18d),2d>'   @  sellipse '<{5d,0d},(280d,-20d),90d>';
 ?column? 
----------
 f
(1 row)

SELECT scircle '<(280d,-16d),2d>'   @  sellipse '<{5d,0d},(280d,-20d),90d>';
 ?column? 
----------
 f
(1 row)

SELECT scircle '<(280d,-10d),2d>'  &&  sellipse '<{5d,0d},(280d,-20d),90d>';
 ?column? 
----------
 f
(1 row)

SELECT scircle '<(280d,-18d),2d>'  &&  sellipse '<{5d,0d},(280d,-20d),90d>';
 ?column? 
----------
 t
(1 row)

SELECT sellipse '<{5d,0d},(280d,-20d),90d>' @ scircle '<(280d,-18d),15d>'  ;
 ?column? 
----------
 t
(1 row)

--
--ellipse and line (@,&&)
--
-- negators and commutators
SELECT sline ( spoint '(280d, -9d)', spoint '(280d, -8d)' )   @  sellipse '<{10d,5d},(280d,-20d),90d>';
 ?column? 
----------
 f
(1 row)

SELECT sline ( spoint '(280d, -9d)', spoint '(280d,-12d)' )   @  sellipse '<{10d,5d},(280d,-20d),90d>';
 ?column? 
----------
 f
(1 row)

SELECT sline ( spoint '(280d,-11d)', spoint '(280d,-12d)' )   @  sellipse '<{10d,5d},(280d,-20d),90d>';
 ?column? 
----------
 t
(1 row)

SELECT sline ( spoint '(280d, -9d)', spoint '(280d, -8d)' )  &&  sellipse '<{10d,5d},(280d,-20d),90d>';
 ?column? 
----------
 f
(1 row)

SELECT sline ( spoint '(280d, -9d)', spoint '(280d,-12d)' )  &&  sellipse '<{10d,5d},(280d,-20d),90d>';
 ?column? 
----------
 t
(1 row)

SELECT sline ( spoint '(280d,-11d)', spoint '(280d,-12d)' )  &&  sellipse '<{10d,5d},(280d,-20d),90d>';
 ?column? 
----------
 t
(1 row)

SELECT sline ( spoint '(280d, -9d)', spoint '(280d, -8d)' )  !@  sellipse '<{10d,5d},(280d,-20d),90d>';
 ?column? 
----------
 t
(1 row)

SELECT sline ( spoint '(280d, -9d)', spoint '(280d,-12d)' )  !@  sellipse '<{10d,5d},(280d,-20d),90d>';
 ?column? 
----------
 t
(1 row)

SELECT sline ( spoint '(280d,-11d)', spoint '(280d,-12d)' )  !@  sellipse '<{10d,5d},(280d,-20d),90d>';
 ?column? 
----------
 f
(1 row)

SELECT sline ( spoint '(280d, -9d)', spoint '(280d, -8d)' ) !&&  sellipse '<{10d,5d},(280d,-20d),90d>';
 ?column? 
----------
 t
(1 row)

SELECT sline ( spoint '(280d, -9d)', spoint '(280d,-12d)' ) !&&  sellipse '<{10d,5d},(280d,-20d),90d>';
 ?column? 
----------
 f
(1 row)

SELECT sline ( spoint '(280d,-11d)', spoint '(280d,-12d)' ) !&&  sellipse '<{10d,5d},(280d,-20d),90d>';
 ?column? 
----------
 f
(1 row)

SELECT sellipse '<{10d,5d},(280d,-20d),90d>'   ~  sline ( spoint '(280d, -9d)', spoint '(280d, -8d)' );
 ?column? 
----------
 f
(1 row)

SELECT sellipse '<{10d,5d},(280d,-20d),90d>'   ~  sline ( spoint '(280d, -9d)', spoint '(280d,-12d)' );
 ?column? 
----------
 f
(1 row)

SELECT sellipse '<{10d,5d},(280d,-20d),90d>'   ~  sline ( spoint '(280d,-11d)', spoint '(280d,-12d)' );
 ?column? 
----------
 t
(1 row)

SELECT sellipse '<{10d,5d},(280d,-20d),90d>'   &&  sline ( spoint '(280d, -9d)', spoint '(280d, -8d)' );
 ?column? 
----------
 f
(1 row)

SELECT sellipse '<{10d,5d},(280d,-20d),90d>'   &&  sline ( spoint '(280d, -9d)', spoint '(280d,-12d)' );
 ?column? 
----------
 t
(1 row)

SELECT sellipse '<{10d,5d},(280d,-20d),90d>'   &&  sline ( spoint '(280d,-11d)', spoint '(280d,-12d)' );
 ?column? 
----------
 t
(1 row)

SELECT sellipse '<{10d,5d},(280d,-20d),90d>'  !~  sline ( spoint '(280d, -9d)', spoint '(280d, -8d)' ); 
 ?column? 
----------
 t
(1 row)

SELECT sellipse '<{10d,5d},(280d,-20d),90d>'  !~  sline ( spoint '(280d, -9d)', spoint '(280d,-12d)' ); 
 ?column? 
----------
 t
(1 row)

SELECT sellipse '<{10d,5d},(280d,-20d),90d>'  !~  sline ( spoint '(280d,-11d)', spoint '(280d,-12d)' ); 
 ?column? 
----------
 f
(1 row)

SELECT sellipse '<{10d,5d},(280d,-20d),90d>'  !&&  sline ( spoint '(280d, -9d)', spoint '(280d, -8d)' );
 ?column? 
----------
 t
(1 row)

SELECT sellipse '<{10d,5d},(280d,-20d),90d>'  !&&  sline ( spoint '(280d, -9d)', spoint '(280d,-12d)' );
 ?column? 
----------
 f
(1 row)

SELECT sellipse '<{10d,5d},(280d,-20d),90d>'  !&&  sline ( spoint '(280d,-11d)', spoint '(280d,-12d)' );
 ?column? 
----------
 f
(1 row)

-- line is point , ellipse is point
SELECT sline ( spoint '(280d, -8d)', spoint '(280d, -8d)' )   @  sellipse '<{0d,0d},(280d,-20d),90d>';
 ?column? 
----------
 f
(1 row)

SELECT sline ( spoint '(280d, -8d)', spoint '(280d, -8d)' )   @  sellipse '<{0d,0d},(280d, -8d),90d>';
 ?column? 
----------
 t
(1 row)

SELECT sline ( spoint '(280d, -8d)', spoint '(280d, -8d)' )  &&  sellipse '<{0d,0d},(280d,-20d),90d>';
 ?column? 
----------
 f
(1 row)

SELECT sline ( spoint '(280d, -8d)', spoint '(280d, -8d)' )  &&  sellipse '<{0d,0d},(280d, -8d),90d>';
 ?column? 
----------
 t
(1 row)

-- line is point , ellipse is circle
SELECT sline ( spoint '(280d, -8d)', spoint '(280d, -8d)' )   @  sellipse '<{5d,5d},(280d,-20d),90d>';
 ?column? 
----------
 f
(1 row)

SELECT sline ( spoint '(280d, -8d)', spoint '(280d, -8d)' )   @  sellipse '<{5d,5d},(280d, -8d),90d>';
 ?column? 
----------
 t
(1 row)

SELECT sline ( spoint '(280d, -8d)', spoint '(280d, -8d)' )  &&  sellipse '<{5d,5d},(280d,-20d),90d>';
 ?column? 
----------
 f
(1 row)

SELECT sline ( spoint '(280d, -8d)', spoint '(280d, -8d)' )  &&  sellipse '<{5d,5d},(280d, -8d),90d>';
 ?column? 
----------
 t
(1 row)

-- line is point , ellipse is a real ellipse
SELECT sline ( spoint '(280d, -8d)', spoint '(280d, -8d)' )   @  sellipse '<{10d,5d},(280d,-20d),90d>';
 ?column? 
----------
 f
(1 row)

SELECT sline ( spoint '(280d, -8d)', spoint '(280d, -8d)' )   @  sellipse '<{10d,5d},(280d, -8d),90d>';
 ?column? 
----------
 t
(1 row)

SELECT sline ( spoint '(280d, -8d)', spoint '(280d, -8d)' )  &&  sellipse '<{10d,5d},(280d,-20d),90d>';
 ?column? 
----------
 f
(1 row)

SELECT sline ( spoint '(280d, -8d)', spoint '(280d, -8d)' )  &&  sellipse '<{10d,5d},(280d, -8d),90d>';
 ?column? 
----------
 t
(1 row)

-- line is a real line , ellipse is point
SELECT sline ( spoint '(280d, -8d)', spoint '(280d, -9d)' )   @  sellipse '<{0d,0d},(280d,-20d),90d>';
 ?column? 
----------
 f
(1 row)

SELECT sline ( spoint '(280d, -8d)', spoint '(280d, -9d)' )   @  sellipse '<{0d,0d},(280d, -8d),90d>';
 ?column? 
----------
 f
(1 row)

SELECT sline ( spoint '(280d, -8d)', spoint '(280d, -9d)' )  &&  sellipse '<{0d,0d},(280d,-20d),90d>';
 ?column? 
----------
 f
(1 row)

SELECT sline ( spoint '(280d, -8d)', spoint '(280d, -9d)' )  &&  sellipse '<{0d,0d},(280d, -8d),90d>';
 ?column? 
----------
 t
(1 row)

-- line is a real line , ellipse is circle
SELECT sline ( spoint '(280d, -8d)', spoint '(280d, -9d)' )   @  sellipse '<{5d,5d},(280d,-20d),90d>';
 ?column? 
----------
 f
(1 row)

SELECT sline ( spoint '(280d, -8d)', spoint '(280d, -9d)' )   @  sellipse '<{5d,5d},(280d, -8d),90d>';
 ?column? 
----------
 t
(1 row)

SELECT sline ( spoint '(280d, -8d)', spoint '(280d, -9d)' )  &&  sellipse '<{5d,5d},(280d,-20d),90d>';
 ?column? 
----------
 f
(1 row)

SELECT sline ( spoint '(280d, -8d)', spoint '(280d, -9d)' )  &&  sellipse '<{5d,5d},(280d, -8d),90d>';
 ?column? 
----------
 t
(1 row)

-- line is a real line , ellipse is line
SELECT sline ( spoint '(280d, -8d)', spoint '(280d, -9d)' )   @  sellipse '<{5d,0d},(280d,-20d),90d>';
 ?column? 
----------
 f
(1 row)

SELECT sline ( spoint '(280d, -8d)', spoint '(280d, -9d)' )   @  sellipse '<{5d,0d},(280d, -8d),90d>';
 ?column? 
----------
 t
(1 row)

SELECT sline ( spoint '(280d, -8d)', spoint '(280d, -9d)' )  &&  sellipse '<{5d,0d},(280d,-20d),90d>';
 ?column? 
----------
 f
(1 row)

SELECT sline ( spoint '(280d, -8d)', spoint '(280d, -9d)' )  &&  sellipse '<{5d,0d},(280d, -8d),90d>';
 ?column? 
----------
 t
(1 row)

-- line is a real line , ellipse is a real ellipse
SELECT sline ( spoint '(280d, -8d)', spoint '(280d, -9d)' )   @  sellipse '<{10d,5d},(280d,-20d),90d>';
 ?column? 
----------
 f
(1 row)

SELECT sline ( spoint '(280d, -8d)', spoint '(280d, -9d)' )   @  sellipse '<{10d,5d},(280d, -8d),90d>';
 ?column? 
----------
 t
(1 row)

SELECT sline ( spoint '(280d, -8d)', spoint '(280d, -9d)' )  &&  sellipse '<{10d,5d},(280d,-20d),90d>';
 ?column? 
----------
 f
(1 row)

SELECT sline ( spoint '(280d, -8d)', spoint '(280d, -9d)' )  &&  sellipse '<{10d,5d},(280d, -8d),90d>';
 ?column? 
----------
 t
(1 row)

--
-- ellipse and ellipse
--
  
-- check @
SELECT sellipse '<{10d, 5d},(300d,0d),  0d>' @ sellipse '<{10d,5d},(300d,0d),0d>';
 ?column? 
----------
 t
(1 row)

SELECT sellipse '<{10d, 5d},(300d,0d), 90d>' @ sellipse '<{10d,5d},(300d,0d),0d>';
 ?column? 
----------
 f
(1 row)

SELECT sellipse '<{10d, 5d},(300d,0d),180d>' @ sellipse '<{10d,5d},(300d,0d),0d>';
 ?column? 
----------
 t
(1 row)

SELECT sellipse '<{10d, 5d},(300d,0d),270d>' @ sellipse '<{10d,5d},(300d,0d),0d>';
 ?column? 
----------
 f
(1 row)

SELECT sellipse '<{ 2d, 1d},( 52d,6d),  0d>' @ sellipse '<{10d,5d},(50d,5d),45d>';
 ?column? 
----------
 t
(1 row)

-- negators , commutator @,&&
SELECT sellipse '<{ 2d, 1d},( 52d,6d),  0d>'   @ sellipse '<{10d,5d},(50d,5d),45d>';
 ?column? 
----------
 t
(1 row)

SELECT sellipse '<{10d, 5d},( 52d,6d),  0d>'   @ sellipse '<{10d,5d},(50d,5d),45d>';
 ?column? 
----------
 f
(1 row)

SELECT sellipse '<{10d, 5d},( 90d,9d),  0d>'   @ sellipse '<{10d,5d},(50d,5d),45d>';
 ?column? 
----------
 f
(1 row)

SELECT sellipse '<{ 2d, 1d},( 52d,6d),  0d>'  && sellipse '<{10d,5d},(50d,5d),45d>';
 ?column? 
----------
 t
(1 row)

SELECT sellipse '<{10d, 5d},( 52d,6d),  0d>'  && sellipse '<{10d,5d},(50d,5d),45d>';
 ?column? 
----------
 t
(1 row)

SELECT sellipse '<{10d, 5d},( 90d,9d),  0d>'  && sellipse '<{10d,5d},(50d,5d),45d>';
 ?column? 
----------
 f
(1 row)

SELECT sellipse '<{ 2d, 1d},( 52d,6d),  0d>'  !@ sellipse '<{10d,5d},(50d,5d),45d>';
 ?column? 
----------
 f
(1 row)

SELECT sellipse '<{10d, 5d},( 52d,6d),  0d>'  !@ sellipse '<{10d,5d},(50d,5d),45d>';
 ?column? 
----------
 t
(1 row)

SELECT sellipse '<{10d, 5d},( 90d,9d),  0d>'  !@ sellipse '<{10d,5d},(50d,5d),45d>';
 ?column? 
----------
 t
(1 row)

SELECT sellipse '<{ 2d, 1d},( 52d,6d),  0d>' !&& sellipse '<{10d,5d},(50d,5d),45d>';
 ?column? 
----------
 f
(1 row)

SELECT sellipse '<{10d, 5d},( 52d,6d),  0d>' !&& sellipse '<{10d,5d},(50d,5d),45d>';
 ?column? 
----------
 f
(1 row)

SELECT sellipse '<{10d, 5d},( 90d,9d),  0d>' !&& sellipse '<{10d,5d},(50d,5d),45d>';
 ?column? 
----------
 t
(1 row)

SELECT sellipse '<{10d,5d},(50d,5d),45d>'  ~ sellipse '<{ 2d, 1d},( 52d,6d),  0d>'; 
 ?column? 
----------
 t
(1 row)

SELECT sellipse '<{10d,5d},(50d,5d),45d>'  ~ sellipse '<{10d, 5d},( 52d,6d),  0d>'; 
 ?column? 
----------
 f
(1 row)

SELECT sellipse '<{10d,5d},(50d,5d),45d>'  ~ sellipse '<{10d, 5d},( 90d,9d),  0d>'; 
 ?column? 
----------
 f
(1 row)

SELECT sellipse '<{10d,5d},(50d,5d),45d>'  && sellipse '<{ 2d, 1d},( 52d,6d),  0d>';
 ?column? 
----------
 t
(1 row)

SELECT sellipse '<{10d,5d},(50d,5d),45d>'  && sellipse '<{10d, 5d},( 52d,6d),  0d>';
 ?column? 
----------
 t
(1 row)

SELECT sellipse '<{10d,5d},(50d,5d),45d>'  && sellipse '<{10d, 5d},( 90d,9d),  0d>';
 ?column? 
----------
 f
(1 row)

SELECT sellipse '<{10d,5d},(50d,5d),45d>' !~ sellipse '<{ 2d, 1d},( 52d,6d),  0d>'; 
 ?column? 
----------
 f
(1 row)

SELECT sellipse '<{10d,5d},(50d,5d),45d>' !~ sellipse '<{10d, 5d},( 52d,6d),  0d>'; 
 ?column? 
----------
 t
(1 row)

SELECT sellipse '<{10d,5d},(50d,5d),45d>' !~ sellipse '<{10d, 5d},( 90d,9d),  0d>'; 
 ?column? 
----------
 t
(1 row)

SELECT sellipse '<{10d,5d},(50d,5d),45d>' !&& sellipse '<{ 2d, 1d},( 52d,6d),  0d>';
 ?column? 
----------
 f
(1 row)

SELECT sellipse '<{10d,5d},(50d,5d),45d>' !&& sellipse '<{10d, 5d},( 52d,6d),  0d>';
 ?column? 
----------
 f
(1 row)

SELECT sellipse '<{10d,5d},(50d,5d),45d>' !&& sellipse '<{10d, 5d},( 90d,9d),  0d>';
 ?column? 
----------
 t
(1 row)

-- left ellipse is point         right ellipse is point
SELECT sellipse '<{ 0d, 0d},( 50d,-5d),  0d>'   @ sellipse '<{0d,0d},(50d,-5d),45d>';
 ?column? 
----------
 t
(1 row)

SELECT sellipse '<{ 0d, 0d},( 50d,-6d),  0d>'   @ sellipse '<{0d,0d},(50d,-5d),45d>';
 ?column? 
----------
 f
(1 row)

SELECT sellipse '<{ 0d, 0d},( 50d,-5d),  0d>'  && sellipse '<{0d,0d},(50d,-5d),45d>';
 ?column? 
----------
 t
(1 row)

SELECT sellipse '<{ 0d, 0d},( 50d,-6d),  0d>'  && sellipse '<{0d,0d},(50d,-5d),45d>';
 ?column? 
----------
 f
(1 row)

-- left ellipse is line          right ellipse is point
SELECT sellipse '<{ 5d, 0d},( 50d, -2d), 90d>'   @ sellipse '<{0d,0d},(50d,-5d),0d>';
 ?column? 
----------
 f
(1 row)

SELECT sellipse '<{ 5d, 0d},( 50d,-12d), 90d>'   @ sellipse '<{0d,0d},(50d,-5d),0d>';
 ?column? 
----------
 f
(1 row)

SELECT sellipse '<{ 5d, 0d},( 50d, -2d), 90d>'  && sellipse '<{0d,0d},(50d,-5d),0d>';
 ?column? 
----------
 t
(1 row)

SELECT sellipse '<{ 5d, 0d},( 50d,-12d), 90d>'  && sellipse '<{0d,0d},(50d,-5d),0d>';
 ?column? 
----------
 f
(1 row)

-- left ellipse is circle        right ellipse is point
SELECT sellipse '<{ 5d, 5d},( 50d, -2d), 90d>'   @ sellipse '<{0d,0d},(50d,-5d),0d>';
 ?column? 
----------
 f
(1 row)

SELECT sellipse '<{ 5d, 5d},( 50d,-12d), 90d>'   @ sellipse '<{0d,0d},(50d,-5d),0d>';
 ?column? 
----------
 f
(1 row)

SELECT sellipse '<{ 5d, 5d},( 50d, -2d), 90d>'  && sellipse '<{0d,0d},(50d,-5d),0d>';
 ?column? 
----------
 t
(1 row)

SELECT sellipse '<{ 5d, 5d},( 50d,-12d), 90d>'  && sellipse '<{0d,0d},(50d,-5d),0d>';
 ?column? 
----------
 f
(1 row)

-- left ellipse is real ellipse  right ellipse is point
SELECT sellipse '<{ 5d, 3d},( 50d, -2d), 90d>'   @ sellipse '<{0d,0d},(50d,-5d),0d>';
 ?column? 
----------
 f
(1 row)

SELECT sellipse '<{ 5d, 3d},( 50d,-12d), 90d>'   @ sellipse '<{0d,0d},(50d,-5d),0d>';
 ?column? 
----------
 f
(1 row)

SELECT sellipse '<{ 5d, 3d},( 50d, -2d), 90d>'  && sellipse '<{0d,0d},(50d,-5d),0d>';
 ?column? 
----------
 t
(1 row)

SELECT sellipse '<{ 5d, 3d},( 50d,-12d), 90d>'  && sellipse '<{0d,0d},(50d,-5d),0d>';
 ?column? 
----------
 f
(1 row)

-- left ellipse is point         right ellipse is line
SELECT sellipse '<{ 0d, 0d},( 50d,-5d),  0d>'   @ sellipse '<{5d,0d},(50d,-5d),90d>';
 ?column? 
----------
 t
(1 row)

SELECT sellipse '<{ 0d, 0d},( 50d,-6d),  0d>'   @ sellipse '<{5d,0d},(50d,-5d),90d>';
 ?column? 
----------
 t
(1 row)

SELECT sellipse '<{ 0d, 0d},( 50d, 6d),  0d>'   @ sellipse '<{5d,0d},(50d,-5d),90d>';
 ?column? 
----------
 f
(1 row)

SELECT sellipse '<{ 0d, 0d},( 50d,-5d),  0d>'  && sellipse '<{5d,0d},(50d,-5d),90d>';
 ?column? 
----------
 t
(1 row)

SELECT sellipse '<{ 0d, 0d},( 50d,-6d),  0d>'  && sellipse '<{5d,0d},(50d,-5d),90d>';
 ?column? 
----------
 t
(1 row)

SELECT sellipse '<{ 0d, 0d},( 50d, 6d),  0d>'  && sellipse '<{5d,0d},(50d,-5d),90d>';
 ?column? 
----------
 f
(1 row)

-- left ellipse is line         right ellipse is line
SELECT sellipse '<{ 3d, 0d},( 50d,-5d), 90d>'   @ sellipse '<{5d,0d},(50d,-5d),90d>';
 ?column? 
----------
 t
(1 row)

SELECT sellipse '<{ 3d, 0d},( 50d,-8d), 90d>'   @ sellipse '<{5d,0d},(50d,-5d),90d>';
 ?column? 
----------
 f
(1 row)

SELECT sellipse '<{ 3d, 0d},( 50d,-6d),  0d>'   @ sellipse '<{5d,0d},(50d,-5d),90d>';
 ?column? 
----------
 f
(1 row)

SELECT sellipse '<{ 3d, 0d},( 50d, 6d), 90d>'   @ sellipse '<{5d,0d},(50d,-5d),90d>';
 ?column? 
----------
 f
(1 row)

SELECT sellipse '<{ 3d, 0d},( 50d,-5d), 90d>'  && sellipse '<{5d,0d},(50d,-5d),90d>';
 ?column? 
----------
 t
(1 row)

SELECT sellipse '<{ 3d, 0d},( 50d,-8d), 90d>'  && sellipse '<{5d,0d},(50d,-5d),90d>';
 ?column? 
----------
 t
(1 row)

SELECT sellipse '<{ 3d, 0d},( 50d,-6d),  0d>'  && sellipse '<{5d,0d},(50d,-5d),90d>';
 ?column? 
----------
 t
(1 row)

SELECT sellipse '<{ 3d, 0d},( 50d, 6d), 90d>'  && sellipse '<{5d,0d},(50d,-5d),90d>';
 ?column? 
----------
 f
(1 row)

-- left ellipse is circle         right ellipse is line
SELECT sellipse '<{ 3d, 3d},( 50d,-5d), 90d>'   @ sellipse '<{5d,0d},(50d,-5d),90d>';
 ?column? 
----------
 f
(1 row)

SELECT sellipse '<{ 3d, 3d},( 50d,-8d), 90d>'   @ sellipse '<{5d,0d},(50d,-5d),90d>';
 ?column? 
----------
 f
(1 row)

SELECT sellipse '<{ 3d, 3d},( 50d,-6d),  0d>'   @ sellipse '<{5d,0d},(50d,-5d),90d>';
 ?column? 
----------
 f
(1 row)

SELECT sellipse '<{ 3d, 3d},( 50d, 6d), 90d>'   @ sellipse '<{5d,0d},(50d,-5d),90d>';
 ?column? 
----------
 f
(1 row)

SELECT sellipse '<{ 3d, 3d},( 50d,-5d), 90d>'  && sellipse '<{5d,0d},(50d,-5d),90d>';
 ?column? 
----------
 t
(1 row)

SELECT sellipse '<{ 3d, 3d},( 50d,-8d), 90d>'  && sellipse '<{5d,0d},(50d,-5d),90d>';
 ?column? 
----------
 t
(1 row)

SELECT sellipse '<{ 3d, 3d},( 50d,-6d),  0d>'  && sellipse '<{5d,0d},(50d,-5d),90d>';
 ?column? 
----------
 t
(1 row)

SELECT sellipse '<{ 3d, 3d},( 50d, 6d), 90d>'  && sellipse '<{5d,0d},(50d,-5d),90d>';
 ?column? 
----------
 f
(1 row)

-- left ellipse is point         right ellipse is circle
SELECT sellipse '<{ 0d, 0d},( 50d,-5d),  0d>'   @ sellipse '<{5d,5d},(50d,-5d),90d>';
 ?column? 
----------
 t
(1 row)

SELECT sellipse '<{ 0d, 0d},( 50d,-6d),  0d>'   @ sellipse '<{5d,5d},(50d,-5d),90d>';
 ?column? 
----------
 t
(1 row)

SELECT sellipse '<{ 0d, 0d},( 50d, 6d),  0d>'   @ sellipse '<{5d,5d},(50d,-5d),90d>';
 ?column? 
----------
 f
(1 row)

SELECT sellipse '<{ 0d, 0d},( 50d,-5d),  0d>'  && sellipse '<{5d,5d},(50d,-5d),90d>';
 ?column? 
----------
 t
(1 row)

SELECT sellipse '<{ 0d, 0d},( 50d,-6d),  0d>'  && sellipse '<{5d,5d},(50d,-5d),90d>';
 ?column? 
----------
 t
(1 row)

SELECT sellipse '<{ 0d, 0d},( 50d, 6d),  0d>'  && sellipse '<{5d,5d},(50d,-5d),90d>';
 ?column? 
----------
 f
(1 row)

-- left ellipse is line         right ellipse is circle
SELECT sellipse '<{ 5d, 0d},( 50d,-5d), 90d>'   @ sellipse '<{5d,5d},(50d,-5d),90d>';
 ?column? 
----------
 t
(1 row)

SELECT sellipse '<{ 5d, 0d},( 50d,-6d), 90d>'   @ sellipse '<{5d,5d},(50d,-5d),90d>';
 ?column? 
----------
 f
(1 row)

SELECT sellipse '<{ 5d, 0d},( 50d, 6d), 90d>'   @ sellipse '<{5d,5d},(50d,-5d),90d>';
 ?column? 
----------
 f
(1 row)

SELECT sellipse '<{ 5d, 0d},( 50d,-5d), 90d>'  && sellipse '<{5d,5d},(50d,-5d),90d>';
 ?column? 
----------
 t
(1 row)

SELECT sellipse '<{ 5d, 0d},( 50d,-6d), 90d>'  && sellipse '<{5d,5d},(50d,-5d),90d>';
 ?column? 
----------
 t
(1 row)

SELECT sellipse '<{ 5d, 0d},( 50d, 6d), 90d>'  && sellipse '<{5d,5d},(50d,-5d),90d>';
 ?column? 
----------
 f
(1 row)

-- left ellipse is circle       right ellipse is circle
SELECT sellipse '<{ 3d, 3d},( 50d,-4d), 90d>'   @ sellipse '<{5d,5d},(50d,-5d),90d>';
 ?column? 
----------
 t
(1 row)

SELECT sellipse '<{ 5d, 5d},( 50d,-5d), 90d>'   @ sellipse '<{5d,5d},(50d,-5d),90d>';
 ?column? 
----------
 t
(1 row)

SELECT sellipse '<{ 5d, 5d},( 50d,-6d), 90d>'   @ sellipse '<{5d,5d},(50d,-5d),90d>';
 ?column? 
----------
 f
(1 row)

SELECT sellipse '<{ 5d, 5d},( 50d, 6d), 90d>'   @ sellipse '<{5d,5d},(50d,-5d),90d>';
 ?column? 
----------
 f
(1 row)

SELECT sellipse '<{ 3d, 3d},( 50d,-4d), 90d>'  && sellipse '<{5d,5d},(50d,-5d),90d>';
 ?column? 
----------
 t
(1 row)

SELECT sellipse '<{ 5d, 5d},( 50d,-5d), 90d>'  && sellipse '<{5d,5d},(50d,-5d),90d>';
 ?column? 
----------
 t
(1 row)

SELECT sellipse '<{ 5d, 5d},( 50d,-6d), 90d>'  && sellipse '<{5d,5d},(50d,-5d),90d>';
 ?column? 
----------
 t
(1 row)

SELECT sellipse '<{ 5d, 5d},( 50d, 6d), 90d>'  && sellipse '<{5d,5d},(50d,-5d),90d>';
 ?column? 
----------
 f
(1 row)

