SET extra_float_digits = 2;
SELECT 
       to_char(DEGREES(tp[1]), '999D9999999999'),
       to_char(DEGREES(tp[2]), '999D9999999999'),
       to_char(tp[3], '999D999'),
       to_char(DEGREES(tp[4])*3.6e6, '999D999'),
       to_char(DEGREES(tp[5])*3.6e6, '99999D999'),
       to_char(tp[6], '999D999')
FROM (
       SELECT epoch_prop(spoint(radians(269.45207695), radians(4.693364966)), 
               546.9759,
               RADIANS(-801.551/3.6e6), RADIANS(10362/3.6e6), -110,
               -100) AS tp) AS q;
     to_char     |     to_char     | to_char  | to_char  |  to_char   | to_char  
-----------------+-----------------+----------+----------+------------+----------
  269.4742714391 |    4.4072939987 |  543.624 | -791.442 |  10235.412 | -110.450
(1 row)

SELECT 
       to_char(DEGREES(tp[1]), '999D9999999999'),
       to_char(DEGREES(tp[2]), '999D9999999999'),
       to_char(tp[3], '999D999'),
       to_char(DEGREES(tp[4])*3.6e6, '999D999'),
       to_char(DEGREES(tp[5])*3.6e6, '99999D999'),
       to_char(tp[6], '999D999')
FROM (
       SELECT epoch_prop(spoint(radians(269.45207695), radians(4.693364966)), 
               0,
               RADIANS(-801.551/3.6e6), RADIANS(10362/3.6e6), -110,
               -100) AS tp) AS q;
     to_char     |     to_char     | to_char | to_char  |  to_char   | to_char 
-----------------+-----------------+---------+----------+------------+---------
  269.4744079540 |    4.4055337210 |         | -801.210 |  10361.762 | 
(1 row)

SELECT 
       to_char(DEGREES(tp[1]), '999D9999999999'),
       to_char(DEGREES(tp[2]), '999D9999999999'),
       to_char(tp[3], '999D999'),
       to_char(DEGREES(tp[4])*3.6e6, '999D999'),
       to_char(DEGREES(tp[5])*3.6e6, '99999D999'),
       to_char(tp[6], '999D999')
FROM (
       SELECT epoch_prop(spoint(radians(269.45207695), radians(4.693364966)), 
               NULL,
               RADIANS(-801.551/3.6e6), RADIANS(10362/3.6e6), -110,
               -100) AS tp) AS q;
     to_char     |     to_char     | to_char | to_char  |  to_char   | to_char 
-----------------+-----------------+---------+----------+------------+---------
  269.4744079540 |    4.4055337210 |         | -801.210 |  10361.762 | 
(1 row)

SELECT 
       to_char(DEGREES(tp[1]), '999D9999999999'),
       to_char(DEGREES(tp[2]), '999D9999999999'),
       to_char(tp[3], '999D999'),
       to_char(DEGREES(tp[4])*3.6e6, '999D999'),
       to_char(DEGREES(tp[5])*3.6e6, '99999D999'),
       to_char(tp[6], '999D999')
FROM (
       SELECT epoch_prop(spoint(radians(269.45207695), radians(4.693364966)), 
               23,
               RADIANS(-801.551/3.6e6), RADIANS(10362/3.6e6), NULL,
               20) AS tp) AS q;
     to_char     |     to_char     | to_char  | to_char  |  to_char   | to_char  
-----------------+-----------------+----------+----------+------------+----------
  269.4476085384 |    4.7509315989 |   23.000 | -801.617 |  10361.984 |    2.159
(1 row)

SELECT 
       to_char(DEGREES(tp[1]), '999D9999999999'),
       to_char(DEGREES(tp[2]), '999D9999999999'),
       to_char(tp[3], '999D999'),
       to_char(DEGREES(tp[4])*3.6e6, '999D999'),
       to_char(DEGREES(tp[5])*3.6e6, '99999D999'),
       to_char(tp[6], '999D999')
FROM (
       SELECT epoch_prop(spoint(radians(269.45207695), radians(4.693364966)), 
               23,
               NULL, RADIANS(10362/3.6e6), -110,
               120) AS tp) AS q;
     to_char     |     to_char     | to_char  | to_char  |  to_char   | to_char  
-----------------+-----------------+----------+----------+------------+----------
  269.4520769500 |    5.0388680565 |   23.007 |    -.000 |  10368.061 |  -97.120
(1 row)

SELECT epoch_prop(NULL,
               23,
               0.01 , RADIANS(10362/3.6e6), -110,
               120);
ERROR:  NULL position not supported in epoch propagation
SELECT epoch_prop_pos(spoint(radians(269.45207695), radians(4.693364966)), 
               23,
               RADIANS(-801.551/3.6e6), RADIANS(10362/3.6e6), -110,
               20) AS tp;
                    tp                     
-------------------------------------------
 (4.702747926583129 , 0.08291945093459933)
(1 row)

SELECT epoch_prop_pos(spoint(radians(269.45207695), radians(4.693364966)), 
               RADIANS(-801.551/3.6e6), RADIANS(10362/3.6e6),
               20) AS tp;
                    tp                     
-------------------------------------------
 (4.702747930619516 , 0.08291939893808763)
(1 row)

