SELECT 
       to_char(DEGREES(tp[1]), '999D9999999999'),
       to_char(DEGREES(tp[2]), '999D9999999999'),
       to_char(tp[3], '999D999'),
       to_char(DEGREES(tp[4])*3.6e6, '999D999'),
       to_char(DEGREES(tp[5])*3.6e6, '99999D999'),
       to_char(tp[6], '999D999')
FROM (
       SELECT epoch_prop(spoint(radians(269.45207695), radians(4.693364966)), 
               546.9759,
               RADIANS(-801.551/3.6e6), RADIANS(10362/3.6e6), -110,
               -100) AS tp) AS q;
ERROR:  function spoint(double precision, double precision) does not exist
LINE 9:        SELECT epoch_prop(spoint(radians(269.45207695), radia...
                                 ^
HINT:  No function matches the given name and argument types. You might need to add explicit type casts.
SELECT 
       to_char(DEGREES(tp[1]), '999D9999999999'),
       to_char(DEGREES(tp[2]), '999D9999999999'),
       to_char(tp[3], '999D999'),
       to_char(DEGREES(tp[4])*3.6e6, '999D999'),
       to_char(DEGREES(tp[5])*3.6e6, '99999D999'),
       to_char(tp[6], '999D999')
FROM (
       SELECT epoch_prop(spoint(radians(269.45207695), radians(4.693364966)), 
               0,
               RADIANS(-801.551/3.6e6), RADIANS(10362/3.6e6), -110,
               -100) AS tp) AS q;
ERROR:  function spoint(double precision, double precision) does not exist
LINE 9:        SELECT epoch_prop(spoint(radians(269.45207695), radia...
                                 ^
HINT:  No function matches the given name and argument types. You might need to add explicit type casts.
SELECT 
       to_char(DEGREES(tp[1]), '999D9999999999'),
       to_char(DEGREES(tp[2]), '999D9999999999'),
       to_char(tp[3], '999D999'),
       to_char(DEGREES(tp[4])*3.6e6, '999D999'),
       to_char(DEGREES(tp[5])*3.6e6, '99999D999'),
       to_char(tp[6], '999D999')
FROM (
       SELECT epoch_prop(spoint(radians(269.45207695), radians(4.693364966)), 
               NULL,
               RADIANS(-801.551/3.6e6), RADIANS(10362/3.6e6), -110,
               -100) AS tp) AS q;
ERROR:  function spoint(double precision, double precision) does not exist
LINE 9:        SELECT epoch_prop(spoint(radians(269.45207695), radia...
                                 ^
HINT:  No function matches the given name and argument types. You might need to add explicit type casts.
SELECT 
       to_char(DEGREES(tp[1]), '999D9999999999'),
       to_char(DEGREES(tp[2]), '999D9999999999'),
       to_char(tp[3], '999D999'),
       to_char(DEGREES(tp[4])*3.6e6, '999D999'),
       to_char(DEGREES(tp[5])*3.6e6, '99999D999'),
       to_char(tp[6], '999D999')
FROM (
       SELECT epoch_prop(spoint(radians(269.45207695), radians(4.693364966)), 
               23,
               RADIANS(-801.551/3.6e6), RADIANS(10362/3.6e6), NULL,
               20) AS tp) AS q;
ERROR:  function spoint(double precision, double precision) does not exist
LINE 9:        SELECT epoch_prop(spoint(radians(269.45207695), radia...
                                 ^
HINT:  No function matches the given name and argument types. You might need to add explicit type casts.
SELECT 
       to_char(DEGREES(tp[1]), '999D9999999999'),
       to_char(DEGREES(tp[2]), '999D9999999999'),
       to_char(tp[3], '999D999'),
       to_char(DEGREES(tp[4])*3.6e6, '999D999'),
       to_char(DEGREES(tp[5])*3.6e6, '99999D999'),
       to_char(tp[6], '999D999')
FROM (
       SELECT epoch_prop(spoint(radians(269.45207695), radians(4.693364966)), 
               23,
               NULL, RADIANS(10362/3.6e6), -110,
               120) AS tp) AS q;
ERROR:  function spoint(double precision, double precision) does not exist
LINE 9:        SELECT epoch_prop(spoint(radians(269.45207695), radia...
                                 ^
HINT:  No function matches the given name and argument types. You might need to add explicit type casts.
SELECT epoch_prop(NULL,
               23,
               0.01 , RADIANS(10362/3.6e6), -110,
               120);
ERROR:  function epoch_prop(unknown, integer, numeric, double precision, integer, integer) does not exist
LINE 1: SELECT epoch_prop(NULL,
               ^
HINT:  No function matches the given name and argument types. You might need to add explicit type casts.
SELECT epoch_prop_pos(spoint(radians(269.45207695), radians(4.693364966)), 
               23,
               RADIANS(-801.551/3.6e6), RADIANS(10362/3.6e6), -110,
               20) AS tp;
ERROR:  function spoint(double precision, double precision) does not exist
LINE 1: SELECT epoch_prop_pos(spoint(radians(269.45207695), radians(...
                              ^
HINT:  No function matches the given name and argument types. You might need to add explicit type casts.
SELECT epoch_prop_pos(spoint(radians(269.45207695), radians(4.693364966)), 
               RADIANS(-801.551/3.6e6), RADIANS(10362/3.6e6),
               20) AS tp;
ERROR:  function spoint(double precision, double precision) does not exist
LINE 1: SELECT epoch_prop_pos(spoint(radians(269.45207695), radians(...
                              ^
HINT:  No function matches the given name and argument types. You might need to add explicit type casts.
