\set ECHO none
 set_sphere_output_precision 
-----------------------------
 SET 8
(1 row)

-- checking Euler transformation operators
SELECT strans '-10d,0d,10d,ZZZ'  = '-10d,0d,10d,XXX' ;
 ?column? 
----------
 t
(1 row)

SELECT strans '-40d,0d,40d,ZZZ' <> '-40d,0d,40d,XXX' ;
 ?column? 
----------
 f
(1 row)

