--
-- first, define the datatype.  Turn off echoing so that expected file
-- does not depend on contents of pg_sphere.sql.
--
CREATE EXTENSION pg_sphere;
select pg_sphere_version();
 pg_sphere_version 
-------------------
 1.4.0
(1 row)

