-- Create tables
SET client_min_messages = 'warning';
CREATE TABLE spheretmp1 (p spoint);
ERROR:  type "spoint" does not exist
LINE 1: CREATE TABLE spheretmp1 (p spoint);
                                   ^
\copy spheretmp1 from 'data/test_spherepoint.data'
ERROR:  relation "spheretmp1" does not exist
\copy spheretmp1 from 'data/test_spherepoint.data'
ERROR:  relation "spheretmp1" does not exist
\copy spheretmp1 from 'data/test_spherepoint.data'
ERROR:  relation "spheretmp1" does not exist
\copy spheretmp1 from 'data/test_spherepoint.data'
ERROR:  relation "spheretmp1" does not exist
CREATE TABLE spheretmp2 (c scircle);
ERROR:  type "scircle" does not exist
LINE 1: CREATE TABLE spheretmp2 (c scircle);
                                   ^
\copy spheretmp2 from 'data/test_spherecircle.data'
ERROR:  relation "spheretmp2" does not exist
\copy spheretmp2 from 'data/test_spherecircle.data'
ERROR:  relation "spheretmp2" does not exist
\copy spheretmp2 from 'data/test_spherecircle.data'
ERROR:  relation "spheretmp2" does not exist
\copy spheretmp2 from 'data/test_spherecircle.data'
ERROR:  relation "spheretmp2" does not exist
CREATE TABLE spheretmp3 (b sbox);
ERROR:  type "sbox" does not exist
LINE 1: CREATE TABLE spheretmp3 (b sbox);
                                   ^
\copy spheretmp3 from 'data/test_spherebox.data'
ERROR:  relation "spheretmp3" does not exist
CREATE TABLE spheretmp4 AS                
  SELECT sline ( p , p - strans '-15d,-15d,-15d,ZXZ' ) AS l
  FROM spheretmp1;
ERROR:  relation "spheretmp1" does not exist
LINE 3:   FROM spheretmp1;
               ^
CREATE TABLE spheretmp5 (id int PRIMARY KEY , p spoly );
ERROR:  type "spoly" does not exist
LINE 1: CREATE TABLE spheretmp5 (id int PRIMARY KEY , p spoly );
                                                        ^
\copy spheretmp5 from 'data/test_spherepolygon.data'
ERROR:  relation "spheretmp5" does not exist
CREATE TABLE spheretmp6 (id int PRIMARY KEY , p spath );
ERROR:  type "spath" does not exist
LINE 1: CREATE TABLE spheretmp6 (id int PRIMARY KEY , p spath );
                                                        ^
\copy spheretmp6 from 'data/test_spherepath.data'
ERROR:  relation "spheretmp6" does not exist
-- Aggregate data from tables
SELECT set_sphere_output_precision(12);
ERROR:  function set_sphere_output_precision(integer) does not exist
LINE 1: SELECT set_sphere_output_precision(12);
               ^
HINT:  No function matches the given name and argument types. You might need to add explicit type casts.
CREATE TABLE spheretmp7 (p spoint);
ERROR:  type "spoint" does not exist
LINE 1: CREATE TABLE spheretmp7 (p spoint);
                                   ^
\copy spheretmp7 from 'data/test_spherepolygon_aggregate.data'
ERROR:  relation "spheretmp7" does not exist
SELECT spoly(p) FROM spheretmp7;
ERROR:  relation "spheretmp7" does not exist
LINE 1: SELECT spoly(p) FROM spheretmp7;
                             ^
CREATE TABLE spheretmp8 (p spoint);
ERROR:  type "spoint" does not exist
LINE 1: CREATE TABLE spheretmp8 (p spoint);
                                   ^
\copy spheretmp8 from 'data/test_spherepoint.data'
ERROR:  relation "spheretmp8" does not exist
SELECT spath(p) FROM spheretmp8 WHERE p IS NOT NULL;
ERROR:  relation "spheretmp8" does not exist
LINE 1: SELECT spath(p) FROM spheretmp8 WHERE p IS NOT NULL;
                             ^
