-- Check current pgsphere version
SELECT pg_sphere_version();
 pg_sphere_version 
-------------------
 1.5.2
(1 row)

